<?xml version="1.0" encoding="UTF-8"?>
<TestRun id="733ff443-4748-4f04-a029-c4b2f1f52430" name="Visar.Elmazi@SKL-VISAR-ELMA1 2015-06-15 13:43:09" runUser="SEAVUS-CORP\Visar.Elmazi" xmlns="http://microsoft.com/schemas/VisualStudio/TeamTest/2010">
  <TestSettings name="Local" id="f1b98136-dbb8-45d0-8178-a717adb7bc24">
    <Description>These are default test settings for a local test run.</Description>
    <Deployment enabled="false" runDeploymentRoot="Visar.Elmazi_SKL-VISAR-ELMA1 2015-06-15 13_43_09">
      <DeploymentItem filename="C:\Users\visar.elmazi\Downloads\QAAutomationSamplev2\QAAutomationSample\packages\SpecFlow.1.9.0\lib\net35\TechTalk.SpecFlow.dll" />
      <DeploymentItem filename="C:\Users\visar.elmazi\Downloads\QAAutomationSamplev2\QAAutomationSample\SeleniumHelper\bin\Debug\Seavus.Framework.SeleniumPageAutomation.dll" />
    </Deployment>
    <Execution>
      <TestTypeSpecific />
      <AgentRule name="Execution Agents">
      </AgentRule>
    </Execution>
  </TestSettings>
  <Times creation="2015-06-15T13:43:09.7640736+02:00" queuing="2015-06-15T13:43:09.8391076+02:00" start="2015-06-15T13:43:09.8441108+02:00" finish="2015-06-15T13:43:25.1805697+02:00" />
  <ResultSummary outcome="Failed">
    <Counters total="6" executed="6" passed="5" error="0" failed="1" timeout="0" aborted="0" inconclusive="0" passedButRunAborted="0" notRunnable="0" notExecuted="0" disconnected="0" warning="0" completed="0" inProgress="0" pending="0" />
  </ResultSummary>
  <TestDefinitions>
    <UnitTest name="MultiplyTwoNumbers" storage="c:\users\visar.elmazi\downloads\qaautomationsamplev2\qaautomationsample\calculatorwebtests\bin\debug\calculatorwebtests.dll" id="f52a664a-b82f-b5a5-67f6-00c23bac0d2a">
      <Description>Multiply two numbers</Description>
      <Execution id="78a5c8ff-31ec-442f-a21b-adc4f2cae4f5" />
      <Properties>
        <Property>
          <Key>FeatureTitle</Key>
          <Value>Calculator</Value>
        </Property>
      </Properties>
      <TestMethod codeBase="C:/Users/visar.elmazi/Downloads/QAAutomationSamplev2/QAAutomationSample/CalculatorWebTests/bin/Debug/CalculatorWebTests.DLL" adapterTypeName="Microsoft.VisualStudio.TestTools.TestTypes.Unit.UnitTestAdapter, Microsoft.VisualStudio.QualityTools.Tips.UnitTest.Adapter, Version=10.0.0.0, Culture=neutral, PublicKeyToken=b03f5f7f11d50a3a" className="CalculatorWebTests.CalculatorFeature, CalculatorWebTests, Version=1.0.0.0, Culture=neutral, PublicKeyToken=null" name="MultiplyTwoNumbers" />
    </UnitTest>
    <UnitTest name="PerformListOfOperations" storage="c:\users\visar.elmazi\downloads\qaautomationsamplev2\qaautomationsample\calculatorwebtests\bin\debug\calculatorwebtests.dll" id="10c32a00-0465-17be-2ae0-155929228565">
      <Description>PerformListOfOperations</Description>
      <Execution id="39ade3aa-6d6a-4661-8fb8-61c0b12cf70f" />
      <Properties>
        <Property>
          <Key>FeatureTitle</Key>
          <Value>Calculator</Value>
        </Property>
      </Properties>
      <TestMethod codeBase="C:/Users/visar.elmazi/Downloads/QAAutomationSamplev2/QAAutomationSample/CalculatorWebTests/bin/Debug/CalculatorWebTests.DLL" adapterTypeName="Microsoft.VisualStudio.TestTools.TestTypes.Unit.UnitTestAdapter, Microsoft.VisualStudio.QualityTools.Tips.UnitTest.Adapter, Version=10.0.0.0, Culture=neutral, PublicKeyToken=b03f5f7f11d50a3a" className="CalculatorWebTests.CalculatorFeature, CalculatorWebTests, Version=1.0.0.0, Culture=neutral, PublicKeyToken=null" name="PerformListOfOperations" />
    </UnitTest>
    <UnitTest name="PerformSetOfOperations" storage="c:\users\visar.elmazi\downloads\qaautomationsamplev2\qaautomationsample\calculatorwebtests\bin\debug\calculatorwebtests.dll" id="e74dee76-1004-6655-697d-b296c6102100">
      <Description>PerformSetOfOperations</Description>
      <Execution id="391a3b4c-1e2a-4399-889f-176d9179798f" />
      <Properties>
        <Property>
          <Key>FeatureTitle</Key>
          <Value>Calculator</Value>
        </Property>
      </Properties>
      <TestMethod codeBase="C:/Users/visar.elmazi/Downloads/QAAutomationSamplev2/QAAutomationSample/CalculatorWebTests/bin/Debug/CalculatorWebTests.DLL" adapterTypeName="Microsoft.VisualStudio.TestTools.TestTypes.Unit.UnitTestAdapter, Microsoft.VisualStudio.QualityTools.Tips.UnitTest.Adapter, Version=10.0.0.0, Culture=neutral, PublicKeyToken=b03f5f7f11d50a3a" className="CalculatorWebTests.CalculatorFeature, CalculatorWebTests, Version=1.0.0.0, Culture=neutral, PublicKeyToken=null" name="PerformSetOfOperations" />
    </UnitTest>
    <UnitTest name="SubstractTwoNumbers" storage="c:\users\visar.elmazi\downloads\qaautomationsamplev2\qaautomationsample\calculatorwebtests\bin\debug\calculatorwebtests.dll" id="63f9fb13-8618-1764-fc21-d9118ddedef5">
      <Description>Substract two numbers</Description>
      <Execution id="cd83a006-85ab-4321-aeab-127ac0066782" />
      <Properties>
        <Property>
          <Key>FeatureTitle</Key>
          <Value>Calculator</Value>
        </Property>
      </Properties>
      <TestMethod codeBase="C:/Users/visar.elmazi/Downloads/QAAutomationSamplev2/QAAutomationSample/CalculatorWebTests/bin/Debug/CalculatorWebTests.DLL" adapterTypeName="Microsoft.VisualStudio.TestTools.TestTypes.Unit.UnitTestAdapter, Microsoft.VisualStudio.QualityTools.Tips.UnitTest.Adapter, Version=10.0.0.0, Culture=neutral, PublicKeyToken=b03f5f7f11d50a3a" className="CalculatorWebTests.CalculatorFeature, CalculatorWebTests, Version=1.0.0.0, Culture=neutral, PublicKeyToken=null" name="SubstractTwoNumbers" />
    </UnitTest>
    <UnitTest name="AddTwoNumbers" storage="c:\users\visar.elmazi\downloads\qaautomationsamplev2\qaautomationsample\calculatorwebtests\bin\debug\calculatorwebtests.dll" id="f71858f3-f563-da6e-2eab-ae1f309c3f5b">
      <Description>Add two numbers</Description>
      <Execution id="abf14695-d9f2-469e-83ab-c277f58d9889" />
      <Properties>
        <Property>
          <Key>FeatureTitle</Key>
          <Value>Calculator</Value>
        </Property>
      </Properties>
      <TestMethod codeBase="C:/Users/visar.elmazi/Downloads/QAAutomationSamplev2/QAAutomationSample/CalculatorWebTests/bin/Debug/CalculatorWebTests.DLL" adapterTypeName="Microsoft.VisualStudio.TestTools.TestTypes.Unit.UnitTestAdapter, Microsoft.VisualStudio.QualityTools.Tips.UnitTest.Adapter, Version=10.0.0.0, Culture=neutral, PublicKeyToken=b03f5f7f11d50a3a" className="CalculatorWebTests.CalculatorFeature, CalculatorWebTests, Version=1.0.0.0, Culture=neutral, PublicKeyToken=null" name="AddTwoNumbers" />
    </UnitTest>
    <UnitTest name="DivideTwoNumbers" storage="c:\users\visar.elmazi\downloads\qaautomationsamplev2\qaautomationsample\calculatorwebtests\bin\debug\calculatorwebtests.dll" id="a5d29b20-071c-7dd7-33ce-54f58c98b8a5">
      <Description>Divide two numbers</Description>
      <Execution id="f740c248-058b-4d24-9950-163f5e52eded" />
      <Properties>
        <Property>
          <Key>FeatureTitle</Key>
          <Value>Calculator</Value>
        </Property>
      </Properties>
      <TestMethod codeBase="C:/Users/visar.elmazi/Downloads/QAAutomationSamplev2/QAAutomationSample/CalculatorWebTests/bin/Debug/CalculatorWebTests.DLL" adapterTypeName="Microsoft.VisualStudio.TestTools.TestTypes.Unit.UnitTestAdapter, Microsoft.VisualStudio.QualityTools.Tips.UnitTest.Adapter, Version=10.0.0.0, Culture=neutral, PublicKeyToken=b03f5f7f11d50a3a" className="CalculatorWebTests.CalculatorFeature, CalculatorWebTests, Version=1.0.0.0, Culture=neutral, PublicKeyToken=null" name="DivideTwoNumbers" />
    </UnitTest>
  </TestDefinitions>
  <TestLists>
    <TestList name="Results Not in a List" id="8c84fa94-04c1-424b-9868-57a2d4851a1d" />
    <TestList name="All Loaded Results" id="19431567-8539-422a-85d7-44ee4e166bda" />
  </TestLists>
  <TestEntries>
    <TestEntry testId="10c32a00-0465-17be-2ae0-155929228565" executionId="39ade3aa-6d6a-4661-8fb8-61c0b12cf70f" testListId="8c84fa94-04c1-424b-9868-57a2d4851a1d" />
    <TestEntry testId="63f9fb13-8618-1764-fc21-d9118ddedef5" executionId="cd83a006-85ab-4321-aeab-127ac0066782" testListId="8c84fa94-04c1-424b-9868-57a2d4851a1d" />
    <TestEntry testId="a5d29b20-071c-7dd7-33ce-54f58c98b8a5" executionId="f740c248-058b-4d24-9950-163f5e52eded" testListId="8c84fa94-04c1-424b-9868-57a2d4851a1d" />
    <TestEntry testId="e74dee76-1004-6655-697d-b296c6102100" executionId="391a3b4c-1e2a-4399-889f-176d9179798f" testListId="8c84fa94-04c1-424b-9868-57a2d4851a1d" />
    <TestEntry testId="f52a664a-b82f-b5a5-67f6-00c23bac0d2a" executionId="78a5c8ff-31ec-442f-a21b-adc4f2cae4f5" testListId="8c84fa94-04c1-424b-9868-57a2d4851a1d" />
    <TestEntry testId="f71858f3-f563-da6e-2eab-ae1f309c3f5b" executionId="abf14695-d9f2-469e-83ab-c277f58d9889" testListId="8c84fa94-04c1-424b-9868-57a2d4851a1d" />
  </TestEntries>
  <Results>
    <UnitTestResult executionId="39ade3aa-6d6a-4661-8fb8-61c0b12cf70f" testId="10c32a00-0465-17be-2ae0-155929228565" testName="PerformListOfOperations" computerName="SKL-VISAR-ELMA1" duration="00:00:08.5256622" startTime="2015-06-15T13:43:09.8491167+02:00" endTime="2015-06-15T13:43:18.5973015+02:00" testType="13cdc9d9-ddb5-4fa4-a97d-d965ccfc6d4b" outcome="Passed" testListId="8c84fa94-04c1-424b-9868-57a2d4851a1d" relativeResultsDirectory="39ade3aa-6d6a-4661-8fb8-61c0b12cf70f">
      <Output>
        <StdOut>Given I open calculator
-&gt; done: CalculatorSteps.GivenIOpenCalculator() (6.1s)
When Calculate
  --- table step argument ---
  | a    | op | b    | equals |
  | 5.33 | +  | 4.67 | 10.0   |
  | 3.33 | x  | 3.00 | 9.99   |
  | 3.33 | x  | 3.00 | 9.99   |
  | 3.33 | x  | 3.00 | 9.99   |
  | 3.33 | x  | 3.00 | 9.99   |
  | 3.33 | x  | 3.00 | 9.99   |
  | 3.33 | x  | 3.00 | 9.99   |
  | 3.33 | x  | 3.00 | 9.99   |
  | 3.33 | x  | 3.00 | 9.99   |
-&gt; done: CalculatorSteps.WhenCalculate(&lt;table&gt;) (2.4s)</StdOut>
      </Output>
    </UnitTestResult>
    <UnitTestResult executionId="cd83a006-85ab-4321-aeab-127ac0066782" testId="63f9fb13-8618-1764-fc21-d9118ddedef5" testName="SubstractTwoNumbers" computerName="SKL-VISAR-ELMA1" duration="00:00:00.5366716" startTime="2015-06-15T13:43:18.5992824+02:00" endTime="2015-06-15T13:43:19.1376662+02:00" testType="13cdc9d9-ddb5-4fa4-a97d-d965ccfc6d4b" outcome="Passed" testListId="8c84fa94-04c1-424b-9868-57a2d4851a1d" relativeResultsDirectory="cd83a006-85ab-4321-aeab-127ac0066782">
      <Output>
        <StdOut>Given I open calculator
-&gt; done: CalculatorSteps.GivenIOpenCalculator() (0.0s)
When I enter 80.44
-&gt; done: CalculatorSteps.WhenIEnter(80.44) (0.2s)
And I press "-"
-&gt; done: CalculatorSteps.WhenIPress("-") (0.1s)
And I enter 70.33
-&gt; done: CalculatorSteps.WhenIEnter(70.33) (0.2s)
And I press "="
-&gt; done: CalculatorSteps.WhenIPress("=") (0.0s)
Then the result should be 10.11
-&gt; done: CalculatorSteps.ThenTheResultShouldBe(10.11) (0.0s)</StdOut>
      </Output>
    </UnitTestResult>
    <UnitTestResult executionId="f740c248-058b-4d24-9950-163f5e52eded" testId="a5d29b20-071c-7dd7-33ce-54f58c98b8a5" testName="DivideTwoNumbers" computerName="SKL-VISAR-ELMA1" duration="00:00:00.5521438" startTime="2015-06-15T13:43:19.1396680+02:00" endTime="2015-06-15T13:43:19.6940628+02:00" testType="13cdc9d9-ddb5-4fa4-a97d-d965ccfc6d4b" outcome="Failed" testListId="8c84fa94-04c1-424b-9868-57a2d4851a1d" relativeResultsDirectory="f740c248-058b-4d24-9950-163f5e52eded">
      <Output>
        <StdOut>Given I open calculator
-&gt; done: CalculatorSteps.GivenIOpenCalculator() (0.0s)
When I enter 50.22
-&gt; done: CalculatorSteps.WhenIEnter(50.22) (0.2s)
And I press "/"
-&gt; done: CalculatorSteps.WhenIPress("/") (0.1s)
And I enter 7.33
-&gt; done: CalculatorSteps.WhenIEnter(7.33) (0.2s)
And I press "="
-&gt; done: CalculatorSteps.WhenIPress("=") (0.0s)
Then the result should be 6.85
-&gt; error: Assert.AreEqual failed. Expected:&lt;6.85&gt;. Actual:&lt;7.33&gt;.</StdOut>
        <ErrorInfo>
          <Message>Assert.AreEqual failed. Expected:&lt;6.85&gt;. Actual:&lt;7.33&gt;. </Message>
          <StackTrace>   at CalculatorWebTests.CalculatorSteps.ThenTheResultShouldBe(Double p0) in C:\Users\visar.elmazi\Downloads\QAAutomationSamplev2\QAAutomationSample\CalculatorWebTests\CalculatorSteps.cs:line 67
   at lambda_method(Closure , IContextManager , Double )
   at TechTalk.SpecFlow.Bindings.BindingInvoker.InvokeBinding(IBinding binding, IContextManager contextManager, Object[] arguments, ITestTracer testTracer, TimeSpan&amp; duration)
   at TechTalk.SpecFlow.Infrastructure.TestExecutionEngine.ExecuteStepMatch(BindingMatch match, Object[] arguments)
   at TechTalk.SpecFlow.Infrastructure.TestExecutionEngine.ExecuteStep(StepInstance stepInstance)
   at TechTalk.SpecFlow.Infrastructure.TestExecutionEngine.OnAfterLastStep()
   at TechTalk.SpecFlow.TestRunner.CollectScenarioErrors()
   at CalculatorWebTests.CalculatorFeature.ScenarioCleanup() in C:\Users\visar.elmazi\Downloads\QAAutomationSamplev2\QAAutomationSample\CalculatorWebTests\Calculator.feature.cs:line 0
   at CalculatorWebTests.CalculatorFeature.DivideTwoNumbers() in c:\Users\visar.elmazi\Downloads\QAAutomationSamplev2\QAAutomationSample\CalculatorWebTests\Calculator.feature:line 34
</StackTrace>
        </ErrorInfo>
      </Output>
    </UnitTestResult>
    <UnitTestResult executionId="391a3b4c-1e2a-4399-889f-176d9179798f" testId="e74dee76-1004-6655-697d-b296c6102100" testName="PerformSetOfOperations" computerName="SKL-VISAR-ELMA1" duration="00:00:01.5990202" startTime="2015-06-15T13:43:19.6960634+02:00" endTime="2015-06-15T13:43:21.2977786+02:00" testType="13cdc9d9-ddb5-4fa4-a97d-d965ccfc6d4b" outcome="Passed" testListId="8c84fa94-04c1-424b-9868-57a2d4851a1d" relativeResultsDirectory="391a3b4c-1e2a-4399-889f-176d9179798f">
      <Output>
        <StdOut>Given I open calculator
-&gt; done: CalculatorSteps.GivenIOpenCalculator() (1.1s)
When I execute "5+3x4-2x3.33="
-&gt; done: CalculatorSteps.WhenIExecute("5+3x4-2x3.33=") (0.5s)
Then the result should be 99.9
-&gt; done: CalculatorSteps.ThenTheResultShouldBe(99.9) (0.0s)</StdOut>
      </Output>
    </UnitTestResult>
    <UnitTestResult executionId="78a5c8ff-31ec-442f-a21b-adc4f2cae4f5" testId="f52a664a-b82f-b5a5-67f6-00c23bac0d2a" testName="MultiplyTwoNumbers" computerName="SKL-VISAR-ELMA1" duration="00:00:00.3250239" startTime="2015-06-15T13:43:21.2997800+02:00" endTime="2015-06-15T13:43:21.6270123+02:00" testType="13cdc9d9-ddb5-4fa4-a97d-d965ccfc6d4b" outcome="Passed" testListId="8c84fa94-04c1-424b-9868-57a2d4851a1d" relativeResultsDirectory="78a5c8ff-31ec-442f-a21b-adc4f2cae4f5">
      <Output>
        <StdOut>Given I open calculator
-&gt; done: CalculatorSteps.GivenIOpenCalculator() (0.0s)
When I enter 5.55
-&gt; done: CalculatorSteps.WhenIEnter(5.55) (0.2s)
And I press "x"
-&gt; done: CalculatorSteps.WhenIPress("x") (0.0s)
And I enter 2.0
-&gt; done: CalculatorSteps.WhenIEnter(2) (0.0s)
And I press "="
-&gt; done: CalculatorSteps.WhenIPress("=") (0.0s)
Then the result should be 11.10
-&gt; done: CalculatorSteps.ThenTheResultShouldBe(11.1) (0.0s)</StdOut>
      </Output>
    </UnitTestResult>
    <UnitTestResult executionId="abf14695-d9f2-469e-83ab-c277f58d9889" testId="f71858f3-f563-da6e-2eab-ae1f309c3f5b" testName="AddTwoNumbers" computerName="SKL-VISAR-ELMA1" duration="00:00:00.5013352" startTime="2015-06-15T13:43:21.6310163+02:00" endTime="2015-06-15T13:43:22.1344023+02:00" testType="13cdc9d9-ddb5-4fa4-a97d-d965ccfc6d4b" outcome="Passed" testListId="8c84fa94-04c1-424b-9868-57a2d4851a1d" relativeResultsDirectory="abf14695-d9f2-469e-83ab-c277f58d9889">
      <Output>
        <StdOut>Given I open calculator
-&gt; done: CalculatorSteps.GivenIOpenCalculator() (0.0s)
When I enter 50.22
-&gt; done: CalculatorSteps.WhenIEnter(50.22) (0.2s)
And I press "+"
-&gt; done: CalculatorSteps.WhenIPress("+") (0.0s)
And I enter 70.33
-&gt; done: CalculatorSteps.WhenIEnter(70.33) (0.2s)
And I press "="
-&gt; done: CalculatorSteps.WhenIPress("=") (0.0s)
Then the result should be 120.55
-&gt; done: CalculatorSteps.ThenTheResultShouldBe(120.55) (0.0s)</StdOut>
      </Output>
    </UnitTestResult>
  </Results>
</TestRun>