<?xml version="1.0" encoding="UTF-8"?>
<TestRun id="371ebbc1-81c2-4847-bf9f-6129280fc605" name="Visar.Elmazi@SKL-VISAR-ELMAZ 2013-07-18 14:40:21" runUser="SEAVUS-CORP\Visar.Elmazi" xmlns="http://microsoft.com/schemas/VisualStudio/TeamTest/2010">
  <TestSettings name="Local" id="f1b98136-dbb8-45d0-8178-a717adb7bc24">
    <Description>These are default test settings for a local test run.</Description>
    <Deployment enabled="false" runDeploymentRoot="Visar.Elmazi_SKL-VISAR-ELMAZ 2013-07-18 14_40_21">
      <DeploymentItem filename="C:\Users\visar.elmazi\Documents\Visual Studio 2010\Projects\QAAutomationSample\SeleniumHelper\bin\Debug\Seavus.Framework.SeleniumPageAutomation.dll" />
      <DeploymentItem filename="C:\Users\visar.elmazi\Documents\Visual Studio 2010\Projects\QAAutomationSample\packages\SpecFlow.1.9.0\lib\net35\TechTalk.SpecFlow.dll" />
    </Deployment>
    <Execution>
      <TestTypeSpecific />
      <AgentRule name="Execution Agents">
      </AgentRule>
    </Execution>
  </TestSettings>
  <Times creation="2013-07-18T14:40:21.9241012+02:00" queuing="2013-07-18T14:40:21.9601048+02:00" start="2013-07-18T14:40:21.9731061+02:00" finish="2013-07-18T14:40:31.2240311+02:00" />
  <ResultSummary outcome="Failed">
    <Counters total="6" executed="6" error="0" failed="6" timeout="0" aborted="0" inconclusive="0" passedButRunAborted="0" notRunnable="0" notExecuted="0" disconnected="0" warning="0" passed="0" completed="0" inProgress="0" pending="0" />
  </ResultSummary>
  <TestDefinitions>
    <UnitTest name="MultiplyTwoNumbers" storage="c:\users\visar.elmazi\documents\visual studio 2010\projects\qaautomationsample\calculatorwebtests\bin\debug\calculatorwebtests.dll" id="f52a664a-b82f-b5a5-67f6-00c23bac0d2a">
      <Description>Multiply two numbers</Description>
      <Execution id="6813342f-78c6-4af9-ae10-5aec24234b77" />
      <Properties>
        <Property>
          <Key>FeatureTitle</Key>
          <Value>Calculator</Value>
        </Property>
      </Properties>
      <TestMethod codeBase="C:/Users/visar.elmazi/Documents/Visual Studio 2010/Projects/QAAutomationSample/CalculatorWebTests/bin/Debug/CalculatorWebTests.DLL" adapterTypeName="Microsoft.VisualStudio.TestTools.TestTypes.Unit.UnitTestAdapter, Microsoft.VisualStudio.QualityTools.Tips.UnitTest.Adapter, Version=10.0.0.0, Culture=neutral, PublicKeyToken=b03f5f7f11d50a3a" className="CalculatorWebTests.CalculatorFeature, CalculatorWebTests, Version=1.0.0.0, Culture=neutral, PublicKeyToken=null" name="MultiplyTwoNumbers" />
    </UnitTest>
    <UnitTest name="PerformListOfOperations" storage="c:\users\visar.elmazi\documents\visual studio 2010\projects\qaautomationsample\calculatorwebtests\bin\debug\calculatorwebtests.dll" id="10c32a00-0465-17be-2ae0-155929228565">
      <Description>PerformListOfOperations</Description>
      <Execution id="a449239b-ee94-4578-80ba-d274748fb2ba" />
      <Properties>
        <Property>
          <Key>FeatureTitle</Key>
          <Value>Calculator</Value>
        </Property>
      </Properties>
      <TestMethod codeBase="C:/Users/visar.elmazi/Documents/Visual Studio 2010/Projects/QAAutomationSample/CalculatorWebTests/bin/Debug/CalculatorWebTests.DLL" adapterTypeName="Microsoft.VisualStudio.TestTools.TestTypes.Unit.UnitTestAdapter, Microsoft.VisualStudio.QualityTools.Tips.UnitTest.Adapter, Version=10.0.0.0, Culture=neutral, PublicKeyToken=b03f5f7f11d50a3a" className="CalculatorWebTests.CalculatorFeature, CalculatorWebTests, Version=1.0.0.0, Culture=neutral, PublicKeyToken=null" name="PerformListOfOperations" />
    </UnitTest>
    <UnitTest name="PerformSetOfOperations" storage="c:\users\visar.elmazi\documents\visual studio 2010\projects\qaautomationsample\calculatorwebtests\bin\debug\calculatorwebtests.dll" id="e74dee76-1004-6655-697d-b296c6102100">
      <Description>PerformSetOfOperations</Description>
      <Execution id="58e15b20-8a24-45cf-8aa6-91ff03795d29" />
      <Properties>
        <Property>
          <Key>FeatureTitle</Key>
          <Value>Calculator</Value>
        </Property>
      </Properties>
      <TestMethod codeBase="C:/Users/visar.elmazi/Documents/Visual Studio 2010/Projects/QAAutomationSample/CalculatorWebTests/bin/Debug/CalculatorWebTests.DLL" adapterTypeName="Microsoft.VisualStudio.TestTools.TestTypes.Unit.UnitTestAdapter, Microsoft.VisualStudio.QualityTools.Tips.UnitTest.Adapter, Version=10.0.0.0, Culture=neutral, PublicKeyToken=b03f5f7f11d50a3a" className="CalculatorWebTests.CalculatorFeature, CalculatorWebTests, Version=1.0.0.0, Culture=neutral, PublicKeyToken=null" name="PerformSetOfOperations" />
    </UnitTest>
    <UnitTest name="SubstractTwoNumbers" storage="c:\users\visar.elmazi\documents\visual studio 2010\projects\qaautomationsample\calculatorwebtests\bin\debug\calculatorwebtests.dll" id="63f9fb13-8618-1764-fc21-d9118ddedef5">
      <Description>Substract two numbers</Description>
      <Execution id="04b3218d-da4f-48fd-a944-777197b34246" />
      <Properties>
        <Property>
          <Key>FeatureTitle</Key>
          <Value>Calculator</Value>
        </Property>
      </Properties>
      <TestMethod codeBase="C:/Users/visar.elmazi/Documents/Visual Studio 2010/Projects/QAAutomationSample/CalculatorWebTests/bin/Debug/CalculatorWebTests.DLL" adapterTypeName="Microsoft.VisualStudio.TestTools.TestTypes.Unit.UnitTestAdapter, Microsoft.VisualStudio.QualityTools.Tips.UnitTest.Adapter, Version=10.0.0.0, Culture=neutral, PublicKeyToken=b03f5f7f11d50a3a" className="CalculatorWebTests.CalculatorFeature, CalculatorWebTests, Version=1.0.0.0, Culture=neutral, PublicKeyToken=null" name="SubstractTwoNumbers" />
    </UnitTest>
    <UnitTest name="AddTwoNumbers" storage="c:\users\visar.elmazi\documents\visual studio 2010\projects\qaautomationsample\calculatorwebtests\bin\debug\calculatorwebtests.dll" id="f71858f3-f563-da6e-2eab-ae1f309c3f5b">
      <Description>Add two numbers</Description>
      <Execution id="c34befa0-f3f9-4cfa-97a1-095c53ef7590" />
      <Properties>
        <Property>
          <Key>FeatureTitle</Key>
          <Value>Calculator</Value>
        </Property>
      </Properties>
      <TestMethod codeBase="C:/Users/visar.elmazi/Documents/Visual Studio 2010/Projects/QAAutomationSample/CalculatorWebTests/bin/Debug/CalculatorWebTests.DLL" adapterTypeName="Microsoft.VisualStudio.TestTools.TestTypes.Unit.UnitTestAdapter, Microsoft.VisualStudio.QualityTools.Tips.UnitTest.Adapter, Version=10.0.0.0, Culture=neutral, PublicKeyToken=b03f5f7f11d50a3a" className="CalculatorWebTests.CalculatorFeature, CalculatorWebTests, Version=1.0.0.0, Culture=neutral, PublicKeyToken=null" name="AddTwoNumbers" />
    </UnitTest>
    <UnitTest name="DivideTwoNumbers" storage="c:\users\visar.elmazi\documents\visual studio 2010\projects\qaautomationsample\calculatorwebtests\bin\debug\calculatorwebtests.dll" id="a5d29b20-071c-7dd7-33ce-54f58c98b8a5">
      <Description>Divide two numbers</Description>
      <Execution id="40869843-7fc1-4fd8-80b3-683c2019667d" />
      <Properties>
        <Property>
          <Key>FeatureTitle</Key>
          <Value>Calculator</Value>
        </Property>
      </Properties>
      <TestMethod codeBase="C:/Users/visar.elmazi/Documents/Visual Studio 2010/Projects/QAAutomationSample/CalculatorWebTests/bin/Debug/CalculatorWebTests.DLL" adapterTypeName="Microsoft.VisualStudio.TestTools.TestTypes.Unit.UnitTestAdapter, Microsoft.VisualStudio.QualityTools.Tips.UnitTest.Adapter, Version=10.0.0.0, Culture=neutral, PublicKeyToken=b03f5f7f11d50a3a" className="CalculatorWebTests.CalculatorFeature, CalculatorWebTests, Version=1.0.0.0, Culture=neutral, PublicKeyToken=null" name="DivideTwoNumbers" />
    </UnitTest>
  </TestDefinitions>
  <TestLists>
    <TestList name="Results Not in a List" id="8c84fa94-04c1-424b-9868-57a2d4851a1d" />
    <TestList name="All Loaded Results" id="19431567-8539-422a-85d7-44ee4e166bda" />
  </TestLists>
  <TestEntries>
    <TestEntry testId="10c32a00-0465-17be-2ae0-155929228565" executionId="a449239b-ee94-4578-80ba-d274748fb2ba" testListId="8c84fa94-04c1-424b-9868-57a2d4851a1d" />
    <TestEntry testId="63f9fb13-8618-1764-fc21-d9118ddedef5" executionId="04b3218d-da4f-48fd-a944-777197b34246" testListId="8c84fa94-04c1-424b-9868-57a2d4851a1d" />
    <TestEntry testId="a5d29b20-071c-7dd7-33ce-54f58c98b8a5" executionId="40869843-7fc1-4fd8-80b3-683c2019667d" testListId="8c84fa94-04c1-424b-9868-57a2d4851a1d" />
    <TestEntry testId="e74dee76-1004-6655-697d-b296c6102100" executionId="58e15b20-8a24-45cf-8aa6-91ff03795d29" testListId="8c84fa94-04c1-424b-9868-57a2d4851a1d" />
    <TestEntry testId="f52a664a-b82f-b5a5-67f6-00c23bac0d2a" executionId="6813342f-78c6-4af9-ae10-5aec24234b77" testListId="8c84fa94-04c1-424b-9868-57a2d4851a1d" />
    <TestEntry testId="f71858f3-f563-da6e-2eab-ae1f309c3f5b" executionId="c34befa0-f3f9-4cfa-97a1-095c53ef7590" testListId="8c84fa94-04c1-424b-9868-57a2d4851a1d" />
  </TestEntries>
  <Results>
    <UnitTestResult executionId="a449239b-ee94-4578-80ba-d274748fb2ba" testId="10c32a00-0465-17be-2ae0-155929228565" testName="PerformListOfOperations" computerName="SKL-VISAR-ELMAZ" duration="00:00:02.1407098" startTime="2013-07-18T14:40:22.0301118+02:00" endTime="2013-07-18T14:40:24.4103498+02:00" testType="13cdc9d9-ddb5-4fa4-a97d-d965ccfc6d4b" outcome="Failed" testListId="8c84fa94-04c1-424b-9868-57a2d4851a1d" relativeResultsDirectory="a449239b-ee94-4578-80ba-d274748fb2ba">
      <Output>
        <StdOut>Given I open calculator
-&gt; done: CalculatorSteps.GivenIOpenCalculator() (1.3s)
When Calculate
  --- table step argument ---
  | a    | op | b    | equals |
  | 5.33 | +  | 4.67 | 10.0   |
  | 3.33 | x  | 3.00 | 9.99   |
  | 3.33 | x  | 3.00 | 9.99   |
  | 3.33 | x  | 3.00 | 9.99   |
  | 3.33 | x  | 3.00 | 9.99   |
  | 3.33 | x  | 3.00 | 9.99   |
  | 3.33 | x  | 3.00 | 9.99   |
  | 3.33 | x  | 3.00 | 9.99   |
  | 3.33 | x  | 3.00 | 9.99   |
-&gt; error: Error Message =&gt; 'Unable to find element with id 'calc_result1''
 caused by Request =&gt; {"headers":{"Accept":"application/json, image/png","Connection":"Close","Content-Length":"37","Content-Type":"application/json;charset=utf-8","Host":"localhost:4380"},"httpVersion":"1.1","method":"POST","post":"{\"using\":\"id\",\"value\":\"calc_result1\"}","url":"/element","urlParsed":{"anchor":"","query":"","file":"element","directory":"/","path":"/element","relative":"/element","port":"","host":"","password":"","user":"","userInfo":"","authority":"","protocol":"","source":"/element","queryKey":{},"chunks":["element"]},"urlOriginal":"/session/36f88610-efa7-11e2-a4d2-77ef401c9882/element"}</StdOut>
        <ErrorInfo>
          <Message>Test method CalculatorWebTests.CalculatorFeature.PerformListOfOperations threw exception: 
OpenQA.Selenium.NoSuchElementException: Error Message =&gt; 'Unable to find element with id 'calc_result1''
 caused by Request =&gt; {"headers":{"Accept":"application/json, image/png","Connection":"Close","Content-Length":"37","Content-Type":"application/json;charset=utf-8","Host":"localhost:4380"},"httpVersion":"1.1","method":"POST","post":"{\"using\":\"id\",\"value\":\"calc_result1\"}","url":"/element","urlParsed":{"anchor":"","query":"","file":"element","directory":"/","path":"/element","relative":"/element","port":"","host":"","password":"","user":"","userInfo":"","authority":"","protocol":"","source":"/element","queryKey":{},"chunks":["element"]},"urlOriginal":"/session/36f88610-efa7-11e2-a4d2-77ef401c9882/element"}</Message>
          <StackTrace>    at OpenQA.Selenium.Remote.RemoteWebDriver.UnpackAndThrowOnError(Response errorResponse)
   at OpenQA.Selenium.Remote.RemoteWebDriver.Execute(String driverCommandToExecute, Dictionary`2 parameters)
   at OpenQA.Selenium.Remote.RemoteWebDriver.FindElement(String mechanism, String value)
   at OpenQA.Selenium.Remote.RemoteWebDriver.FindElementById(String id)
   at OpenQA.Selenium.By.&lt;&gt;c__DisplayClass2.&lt;Id&gt;b__0(ISearchContext context)
   at OpenQA.Selenium.By.FindElement(ISearchContext context)
   at OpenQA.Selenium.Remote.RemoteWebDriver.FindElement(By by)
   at Seavus.Framework.SeleniumPageAutomation.PageObject.FindElementBy(String query, FindBy findBy) in C:\Users\visar.elmazi\Documents\Visual Studio 2010\Projects\QAAutomationSample\SeleniumHelper\PageObject.cs:line 75
   at Seavus.Framework.SeleniumPageAutomation.PageObject.&lt;&gt;c__DisplayClass3.&lt;.ctor&gt;b__1(String str) in C:\Users\visar.elmazi\Documents\Visual Studio 2010\Projects\QAAutomationSample\SeleniumHelper\PageObject.cs:line 59
   at Seavus.Framework.SeleniumPageAutomation.PageObject.Find(String name) in C:\Users\visar.elmazi\Documents\Visual Studio 2010\Projects\QAAutomationSample\SeleniumHelper\PageObject.cs:line 121
   at Seavus.Framework.SeleniumPageAutomation.PageObject.GetText(String name) in C:\Users\visar.elmazi\Documents\Visual Studio 2010\Projects\QAAutomationSample\SeleniumHelper\PageObject.cs:line 146
   at CalculatorWebTests.CalculatorPage.GetValue() in C:\Users\visar.elmazi\Documents\Visual Studio 2010\Projects\QAAutomationSample\CalculatorWebTests\CalculatorPage.cs:line 23
   at CalculatorWebTests.CalculatorSteps.ThenTheResultShouldBe(Double p0) in C:\Users\visar.elmazi\Documents\Visual Studio 2010\Projects\QAAutomationSample\CalculatorWebTests\CalculatorSteps.cs:line 66
   at CalculatorWebTests.CalculatorSteps.WhenCalculate(Table table) in C:\Users\visar.elmazi\Documents\Visual Studio 2010\Projects\QAAutomationSample\CalculatorWebTests\CalculatorSteps.cs:line 59
   at lambda_method(Closure , IContextManager , Table )
   at TechTalk.SpecFlow.Bindings.BindingInvoker.InvokeBinding(IBinding binding, IContextManager contextManager, Object[] arguments, ITestTracer testTracer, TimeSpan&amp; duration)
   at TechTalk.SpecFlow.Infrastructure.TestExecutionEngine.ExecuteStepMatch(BindingMatch match, Object[] arguments)
   at TechTalk.SpecFlow.Infrastructure.TestExecutionEngine.ExecuteStep(StepInstance stepInstance)
   at TechTalk.SpecFlow.Infrastructure.TestExecutionEngine.OnAfterLastStep()
   at TechTalk.SpecFlow.TestRunner.CollectScenarioErrors()
   at CalculatorWebTests.CalculatorFeature.ScenarioCleanup() in C:\Users\visar.elmazi\Documents\Visual Studio 2010\Projects\QAAutomationSample\CalculatorWebTests\Calculator.feature.cs:line 0
   at CalculatorWebTests.CalculatorFeature.PerformListOfOperations() in c:\Users\visar.elmazi\Documents\Visual Studio 2010\Projects\QAAutomationSample\CalculatorWebTests\Calculator.feature:line 38
</StackTrace>
        </ErrorInfo>
      </Output>
    </UnitTestResult>
    <UnitTestResult executionId="04b3218d-da4f-48fd-a944-777197b34246" testId="63f9fb13-8618-1764-fc21-d9118ddedef5" testName="SubstractTwoNumbers" computerName="SKL-VISAR-ELMAZ" duration="00:00:00.7718948" startTime="2013-07-18T14:40:24.4123500+02:00" endTime="2013-07-18T14:40:25.1874275+02:00" testType="13cdc9d9-ddb5-4fa4-a97d-d965ccfc6d4b" outcome="Failed" testListId="8c84fa94-04c1-424b-9868-57a2d4851a1d" relativeResultsDirectory="04b3218d-da4f-48fd-a944-777197b34246">
      <Output>
        <StdOut>Given I open calculator
-&gt; done: CalculatorSteps.GivenIOpenCalculator() (0.0s)
When I enter 80.44
-&gt; done: CalculatorSteps.WhenIEnter(80.44) (0.3s)
And I press "-"
-&gt; done: CalculatorSteps.WhenIPress("-") (0.1s)
And I enter 70.33
-&gt; done: CalculatorSteps.WhenIEnter(70.33) (0.3s)
And I press "="
-&gt; done: CalculatorSteps.WhenIPress("=") (0.1s)
Then the result should be 10.11
-&gt; error: Error Message =&gt; 'Unable to find element with id 'calc_result1''
 caused by Request =&gt; {"headers":{"Accept":"application/json, image/png","Connection":"Close","Content-Length":"37","Content-Type":"application/json;charset=utf-8","Host":"localhost:4380"},"httpVersion":"1.1","method":"POST","post":"{\"using\":\"id\",\"value\":\"calc_result1\"}","url":"/element","urlParsed":{"anchor":"","query":"","file":"element","directory":"/","path":"/element","relative":"/element","port":"","host":"","password":"","user":"","userInfo":"","authority":"","protocol":"","source":"/element","queryKey":{},"chunks":["element"]},"urlOriginal":"/session/36f88610-efa7-11e2-a4d2-77ef401c9882/element"}</StdOut>
        <ErrorInfo>
          <Message>Test method CalculatorWebTests.CalculatorFeature.SubstractTwoNumbers threw exception: 
OpenQA.Selenium.NoSuchElementException: Error Message =&gt; 'Unable to find element with id 'calc_result1''
 caused by Request =&gt; {"headers":{"Accept":"application/json, image/png","Connection":"Close","Content-Length":"37","Content-Type":"application/json;charset=utf-8","Host":"localhost:4380"},"httpVersion":"1.1","method":"POST","post":"{\"using\":\"id\",\"value\":\"calc_result1\"}","url":"/element","urlParsed":{"anchor":"","query":"","file":"element","directory":"/","path":"/element","relative":"/element","port":"","host":"","password":"","user":"","userInfo":"","authority":"","protocol":"","source":"/element","queryKey":{},"chunks":["element"]},"urlOriginal":"/session/36f88610-efa7-11e2-a4d2-77ef401c9882/element"}</Message>
          <StackTrace>    at OpenQA.Selenium.Remote.RemoteWebDriver.UnpackAndThrowOnError(Response errorResponse)
   at OpenQA.Selenium.Remote.RemoteWebDriver.Execute(String driverCommandToExecute, Dictionary`2 parameters)
   at OpenQA.Selenium.Remote.RemoteWebDriver.FindElement(String mechanism, String value)
   at OpenQA.Selenium.Remote.RemoteWebDriver.FindElementById(String id)
   at OpenQA.Selenium.By.&lt;&gt;c__DisplayClass2.&lt;Id&gt;b__0(ISearchContext context)
   at OpenQA.Selenium.By.FindElement(ISearchContext context)
   at OpenQA.Selenium.Remote.RemoteWebDriver.FindElement(By by)
   at Seavus.Framework.SeleniumPageAutomation.PageObject.FindElementBy(String query, FindBy findBy) in C:\Users\visar.elmazi\Documents\Visual Studio 2010\Projects\QAAutomationSample\SeleniumHelper\PageObject.cs:line 75
   at Seavus.Framework.SeleniumPageAutomation.PageObject.&lt;&gt;c__DisplayClass3.&lt;.ctor&gt;b__1(String str) in C:\Users\visar.elmazi\Documents\Visual Studio 2010\Projects\QAAutomationSample\SeleniumHelper\PageObject.cs:line 59
   at Seavus.Framework.SeleniumPageAutomation.PageObject.Find(String name) in C:\Users\visar.elmazi\Documents\Visual Studio 2010\Projects\QAAutomationSample\SeleniumHelper\PageObject.cs:line 121
   at Seavus.Framework.SeleniumPageAutomation.PageObject.GetText(String name) in C:\Users\visar.elmazi\Documents\Visual Studio 2010\Projects\QAAutomationSample\SeleniumHelper\PageObject.cs:line 146
   at CalculatorWebTests.CalculatorPage.GetValue() in C:\Users\visar.elmazi\Documents\Visual Studio 2010\Projects\QAAutomationSample\CalculatorWebTests\CalculatorPage.cs:line 23
   at CalculatorWebTests.CalculatorSteps.ThenTheResultShouldBe(Double p0) in C:\Users\visar.elmazi\Documents\Visual Studio 2010\Projects\QAAutomationSample\CalculatorWebTests\CalculatorSteps.cs:line 66
   at lambda_method(Closure , IContextManager , Double )
   at TechTalk.SpecFlow.Bindings.BindingInvoker.InvokeBinding(IBinding binding, IContextManager contextManager, Object[] arguments, ITestTracer testTracer, TimeSpan&amp; duration)
   at TechTalk.SpecFlow.Infrastructure.TestExecutionEngine.ExecuteStepMatch(BindingMatch match, Object[] arguments)
   at TechTalk.SpecFlow.Infrastructure.TestExecutionEngine.ExecuteStep(StepInstance stepInstance)
   at TechTalk.SpecFlow.Infrastructure.TestExecutionEngine.OnAfterLastStep()
   at TechTalk.SpecFlow.TestRunner.CollectScenarioErrors()
   at CalculatorWebTests.CalculatorFeature.ScenarioCleanup() in C:\Users\visar.elmazi\Documents\Visual Studio 2010\Projects\QAAutomationSample\CalculatorWebTests\Calculator.feature.cs:line 0
   at CalculatorWebTests.CalculatorFeature.SubstractTwoNumbers() in c:\Users\visar.elmazi\Documents\Visual Studio 2010\Projects\QAAutomationSample\CalculatorWebTests\Calculator.feature:line 18
</StackTrace>
        </ErrorInfo>
      </Output>
    </UnitTestResult>
    <UnitTestResult executionId="40869843-7fc1-4fd8-80b3-683c2019667d" testId="a5d29b20-071c-7dd7-33ce-54f58c98b8a5" testName="DivideTwoNumbers" computerName="SKL-VISAR-ELMAZ" duration="00:00:00.7735874" startTime="2013-07-18T14:40:25.1894277+02:00" endTime="2013-07-18T14:40:25.9655053+02:00" testType="13cdc9d9-ddb5-4fa4-a97d-d965ccfc6d4b" outcome="Failed" testListId="8c84fa94-04c1-424b-9868-57a2d4851a1d" relativeResultsDirectory="40869843-7fc1-4fd8-80b3-683c2019667d">
      <Output>
        <StdOut>Given I open calculator
-&gt; done: CalculatorSteps.GivenIOpenCalculator() (0.0s)
When I enter 50.22
-&gt; done: CalculatorSteps.WhenIEnter(50.22) (0.3s)
And I press "/"
-&gt; done: CalculatorSteps.WhenIPress("/") (0.1s)
And I enter 70.33
-&gt; done: CalculatorSteps.WhenIEnter(70.33) (0.3s)
And I press "="
-&gt; done: CalculatorSteps.WhenIPress("=") (0.1s)
Then the result should be 120.55
-&gt; error: Error Message =&gt; 'Unable to find element with id 'calc_result1''
 caused by Request =&gt; {"headers":{"Accept":"application/json, image/png","Connection":"Close","Content-Length":"37","Content-Type":"application/json;charset=utf-8","Host":"localhost:4380"},"httpVersion":"1.1","method":"POST","post":"{\"using\":\"id\",\"value\":\"calc_result1\"}","url":"/element","urlParsed":{"anchor":"","query":"","file":"element","directory":"/","path":"/element","relative":"/element","port":"","host":"","password":"","user":"","userInfo":"","authority":"","protocol":"","source":"/element","queryKey":{},"chunks":["element"]},"urlOriginal":"/session/36f88610-efa7-11e2-a4d2-77ef401c9882/element"}</StdOut>
        <ErrorInfo>
          <Message>Test method CalculatorWebTests.CalculatorFeature.DivideTwoNumbers threw exception: 
OpenQA.Selenium.NoSuchElementException: Error Message =&gt; 'Unable to find element with id 'calc_result1''
 caused by Request =&gt; {"headers":{"Accept":"application/json, image/png","Connection":"Close","Content-Length":"37","Content-Type":"application/json;charset=utf-8","Host":"localhost:4380"},"httpVersion":"1.1","method":"POST","post":"{\"using\":\"id\",\"value\":\"calc_result1\"}","url":"/element","urlParsed":{"anchor":"","query":"","file":"element","directory":"/","path":"/element","relative":"/element","port":"","host":"","password":"","user":"","userInfo":"","authority":"","protocol":"","source":"/element","queryKey":{},"chunks":["element"]},"urlOriginal":"/session/36f88610-efa7-11e2-a4d2-77ef401c9882/element"}</Message>
          <StackTrace>    at OpenQA.Selenium.Remote.RemoteWebDriver.UnpackAndThrowOnError(Response errorResponse)
   at OpenQA.Selenium.Remote.RemoteWebDriver.Execute(String driverCommandToExecute, Dictionary`2 parameters)
   at OpenQA.Selenium.Remote.RemoteWebDriver.FindElement(String mechanism, String value)
   at OpenQA.Selenium.Remote.RemoteWebDriver.FindElementById(String id)
   at OpenQA.Selenium.By.&lt;&gt;c__DisplayClass2.&lt;Id&gt;b__0(ISearchContext context)
   at OpenQA.Selenium.By.FindElement(ISearchContext context)
   at OpenQA.Selenium.Remote.RemoteWebDriver.FindElement(By by)
   at Seavus.Framework.SeleniumPageAutomation.PageObject.FindElementBy(String query, FindBy findBy) in C:\Users\visar.elmazi\Documents\Visual Studio 2010\Projects\QAAutomationSample\SeleniumHelper\PageObject.cs:line 75
   at Seavus.Framework.SeleniumPageAutomation.PageObject.&lt;&gt;c__DisplayClass3.&lt;.ctor&gt;b__1(String str) in C:\Users\visar.elmazi\Documents\Visual Studio 2010\Projects\QAAutomationSample\SeleniumHelper\PageObject.cs:line 59
   at Seavus.Framework.SeleniumPageAutomation.PageObject.Find(String name) in C:\Users\visar.elmazi\Documents\Visual Studio 2010\Projects\QAAutomationSample\SeleniumHelper\PageObject.cs:line 121
   at Seavus.Framework.SeleniumPageAutomation.PageObject.GetText(String name) in C:\Users\visar.elmazi\Documents\Visual Studio 2010\Projects\QAAutomationSample\SeleniumHelper\PageObject.cs:line 146
   at CalculatorWebTests.CalculatorPage.GetValue() in C:\Users\visar.elmazi\Documents\Visual Studio 2010\Projects\QAAutomationSample\CalculatorWebTests\CalculatorPage.cs:line 23
   at CalculatorWebTests.CalculatorSteps.ThenTheResultShouldBe(Double p0) in C:\Users\visar.elmazi\Documents\Visual Studio 2010\Projects\QAAutomationSample\CalculatorWebTests\CalculatorSteps.cs:line 66
   at lambda_method(Closure , IContextManager , Double )
   at TechTalk.SpecFlow.Bindings.BindingInvoker.InvokeBinding(IBinding binding, IContextManager contextManager, Object[] arguments, ITestTracer testTracer, TimeSpan&amp; duration)
   at TechTalk.SpecFlow.Infrastructure.TestExecutionEngine.ExecuteStepMatch(BindingMatch match, Object[] arguments)
   at TechTalk.SpecFlow.Infrastructure.TestExecutionEngine.ExecuteStep(StepInstance stepInstance)
   at TechTalk.SpecFlow.Infrastructure.TestExecutionEngine.OnAfterLastStep()
   at TechTalk.SpecFlow.TestRunner.CollectScenarioErrors()
   at CalculatorWebTests.CalculatorFeature.ScenarioCleanup() in C:\Users\visar.elmazi\Documents\Visual Studio 2010\Projects\QAAutomationSample\CalculatorWebTests\Calculator.feature.cs:line 0
   at CalculatorWebTests.CalculatorFeature.DivideTwoNumbers() in c:\Users\visar.elmazi\Documents\Visual Studio 2010\Projects\QAAutomationSample\CalculatorWebTests\Calculator.feature:line 34
</StackTrace>
        </ErrorInfo>
      </Output>
    </UnitTestResult>
    <UnitTestResult executionId="58e15b20-8a24-45cf-8aa6-91ff03795d29" testId="e74dee76-1004-6655-697d-b296c6102100" testName="PerformSetOfOperations" computerName="SKL-VISAR-ELMAZ" duration="00:00:00.8764860" startTime="2013-07-18T14:40:25.9685056+02:00" endTime="2013-07-18T14:40:26.8495937+02:00" testType="13cdc9d9-ddb5-4fa4-a97d-d965ccfc6d4b" outcome="Failed" testListId="8c84fa94-04c1-424b-9868-57a2d4851a1d" relativeResultsDirectory="58e15b20-8a24-45cf-8aa6-91ff03795d29">
      <Output>
        <StdOut>Given I open calculator
-&gt; done: CalculatorSteps.GivenIOpenCalculator() (0.0s)
When I execute "5+3x4-2x3.33="
-&gt; done: CalculatorSteps.WhenIExecute("5+3x4-2x3.33=") (0.7s)
Then the result should be 99.9
-&gt; error: Error Message =&gt; 'Unable to find element with id 'calc_result1''
 caused by Request =&gt; {"headers":{"Accept":"application/json, image/png","Connection":"Close","Content-Length":"37","Content-Type":"application/json;charset=utf-8","Host":"localhost:4380"},"httpVersion":"1.1","method":"POST","post":"{\"using\":\"id\",\"value\":\"calc_result1\"}","url":"/element","urlParsed":{"anchor":"","query":"","file":"element","directory":"/","path":"/element","relative":"/element","port":"","host":"","password":"","user":"","userInfo":"","authority":"","protocol":"","source":"/element","queryKey":{},"chunks":["element"]},"urlOriginal":"/session/36f88610-efa7-11e2-a4d2-77ef401c9882/element"}</StdOut>
        <ErrorInfo>
          <Message>Test method CalculatorWebTests.CalculatorFeature.PerformSetOfOperations threw exception: 
OpenQA.Selenium.NoSuchElementException: Error Message =&gt; 'Unable to find element with id 'calc_result1''
 caused by Request =&gt; {"headers":{"Accept":"application/json, image/png","Connection":"Close","Content-Length":"37","Content-Type":"application/json;charset=utf-8","Host":"localhost:4380"},"httpVersion":"1.1","method":"POST","post":"{\"using\":\"id\",\"value\":\"calc_result1\"}","url":"/element","urlParsed":{"anchor":"","query":"","file":"element","directory":"/","path":"/element","relative":"/element","port":"","host":"","password":"","user":"","userInfo":"","authority":"","protocol":"","source":"/element","queryKey":{},"chunks":["element"]},"urlOriginal":"/session/36f88610-efa7-11e2-a4d2-77ef401c9882/element"}</Message>
          <StackTrace>    at OpenQA.Selenium.Remote.RemoteWebDriver.UnpackAndThrowOnError(Response errorResponse)
   at OpenQA.Selenium.Remote.RemoteWebDriver.Execute(String driverCommandToExecute, Dictionary`2 parameters)
   at OpenQA.Selenium.Remote.RemoteWebDriver.FindElement(String mechanism, String value)
   at OpenQA.Selenium.Remote.RemoteWebDriver.FindElementById(String id)
   at OpenQA.Selenium.By.&lt;&gt;c__DisplayClass2.&lt;Id&gt;b__0(ISearchContext context)
   at OpenQA.Selenium.By.FindElement(ISearchContext context)
   at OpenQA.Selenium.Remote.RemoteWebDriver.FindElement(By by)
   at Seavus.Framework.SeleniumPageAutomation.PageObject.FindElementBy(String query, FindBy findBy) in C:\Users\visar.elmazi\Documents\Visual Studio 2010\Projects\QAAutomationSample\SeleniumHelper\PageObject.cs:line 75
   at Seavus.Framework.SeleniumPageAutomation.PageObject.&lt;&gt;c__DisplayClass3.&lt;.ctor&gt;b__1(String str) in C:\Users\visar.elmazi\Documents\Visual Studio 2010\Projects\QAAutomationSample\SeleniumHelper\PageObject.cs:line 59
   at Seavus.Framework.SeleniumPageAutomation.PageObject.Find(String name) in C:\Users\visar.elmazi\Documents\Visual Studio 2010\Projects\QAAutomationSample\SeleniumHelper\PageObject.cs:line 121
   at Seavus.Framework.SeleniumPageAutomation.PageObject.GetText(String name) in C:\Users\visar.elmazi\Documents\Visual Studio 2010\Projects\QAAutomationSample\SeleniumHelper\PageObject.cs:line 146
   at CalculatorWebTests.CalculatorPage.GetValue() in C:\Users\visar.elmazi\Documents\Visual Studio 2010\Projects\QAAutomationSample\CalculatorWebTests\CalculatorPage.cs:line 23
   at CalculatorWebTests.CalculatorSteps.ThenTheResultShouldBe(Double p0) in C:\Users\visar.elmazi\Documents\Visual Studio 2010\Projects\QAAutomationSample\CalculatorWebTests\CalculatorSteps.cs:line 66
   at lambda_method(Closure , IContextManager , Double )
   at TechTalk.SpecFlow.Bindings.BindingInvoker.InvokeBinding(IBinding binding, IContextManager contextManager, Object[] arguments, ITestTracer testTracer, TimeSpan&amp; duration)
   at TechTalk.SpecFlow.Infrastructure.TestExecutionEngine.ExecuteStepMatch(BindingMatch match, Object[] arguments)
   at TechTalk.SpecFlow.Infrastructure.TestExecutionEngine.ExecuteStep(StepInstance stepInstance)
   at TechTalk.SpecFlow.Infrastructure.TestExecutionEngine.OnAfterLastStep()
   at TechTalk.SpecFlow.TestRunner.CollectScenarioErrors()
   at CalculatorWebTests.CalculatorFeature.ScenarioCleanup() in C:\Users\visar.elmazi\Documents\Visual Studio 2010\Projects\QAAutomationSample\CalculatorWebTests\Calculator.feature.cs:line 0
   at CalculatorWebTests.CalculatorFeature.PerformSetOfOperations() in c:\Users\visar.elmazi\Documents\Visual Studio 2010\Projects\QAAutomationSample\CalculatorWebTests\Calculator.feature:line 55
</StackTrace>
        </ErrorInfo>
      </Output>
    </UnitTestResult>
    <UnitTestResult executionId="6813342f-78c6-4af9-ae10-5aec24234b77" testId="f52a664a-b82f-b5a5-67f6-00c23bac0d2a" testName="MultiplyTwoNumbers" computerName="SKL-VISAR-ELMAZ" duration="00:00:00.5251286" startTime="2013-07-18T14:40:26.8515939+02:00" endTime="2013-07-18T14:40:27.3796467+02:00" testType="13cdc9d9-ddb5-4fa4-a97d-d965ccfc6d4b" outcome="Failed" testListId="8c84fa94-04c1-424b-9868-57a2d4851a1d" relativeResultsDirectory="6813342f-78c6-4af9-ae10-5aec24234b77">
      <Output>
        <StdOut>Given I open calculator
-&gt; done: CalculatorSteps.GivenIOpenCalculator() (0.0s)
When I enter 5.55
-&gt; done: CalculatorSteps.WhenIEnter(5.55) (0.2s)
And I press "x"
-&gt; done: CalculatorSteps.WhenIPress("x") (0.1s)
And I enter 2.0
-&gt; done: CalculatorSteps.WhenIEnter(2) (0.1s)
And I press "="
-&gt; done: CalculatorSteps.WhenIPress("=") (0.1s)
Then the result should be 11.10
-&gt; error: Error Message =&gt; 'Unable to find element with id 'calc_result1''
 caused by Request =&gt; {"headers":{"Accept":"application/json, image/png","Connection":"Close","Content-Length":"37","Content-Type":"application/json;charset=utf-8","Host":"localhost:4380"},"httpVersion":"1.1","method":"POST","post":"{\"using\":\"id\",\"value\":\"calc_result1\"}","url":"/element","urlParsed":{"anchor":"","query":"","file":"element","directory":"/","path":"/element","relative":"/element","port":"","host":"","password":"","user":"","userInfo":"","authority":"","protocol":"","source":"/element","queryKey":{},"chunks":["element"]},"urlOriginal":"/session/36f88610-efa7-11e2-a4d2-77ef401c9882/element"}</StdOut>
        <ErrorInfo>
          <Message>Test method CalculatorWebTests.CalculatorFeature.MultiplyTwoNumbers threw exception: 
OpenQA.Selenium.NoSuchElementException: Error Message =&gt; 'Unable to find element with id 'calc_result1''
 caused by Request =&gt; {"headers":{"Accept":"application/json, image/png","Connection":"Close","Content-Length":"37","Content-Type":"application/json;charset=utf-8","Host":"localhost:4380"},"httpVersion":"1.1","method":"POST","post":"{\"using\":\"id\",\"value\":\"calc_result1\"}","url":"/element","urlParsed":{"anchor":"","query":"","file":"element","directory":"/","path":"/element","relative":"/element","port":"","host":"","password":"","user":"","userInfo":"","authority":"","protocol":"","source":"/element","queryKey":{},"chunks":["element"]},"urlOriginal":"/session/36f88610-efa7-11e2-a4d2-77ef401c9882/element"}</Message>
          <StackTrace>    at OpenQA.Selenium.Remote.RemoteWebDriver.UnpackAndThrowOnError(Response errorResponse)
   at OpenQA.Selenium.Remote.RemoteWebDriver.Execute(String driverCommandToExecute, Dictionary`2 parameters)
   at OpenQA.Selenium.Remote.RemoteWebDriver.FindElement(String mechanism, String value)
   at OpenQA.Selenium.Remote.RemoteWebDriver.FindElementById(String id)
   at OpenQA.Selenium.By.&lt;&gt;c__DisplayClass2.&lt;Id&gt;b__0(ISearchContext context)
   at OpenQA.Selenium.By.FindElement(ISearchContext context)
   at OpenQA.Selenium.Remote.RemoteWebDriver.FindElement(By by)
   at Seavus.Framework.SeleniumPageAutomation.PageObject.FindElementBy(String query, FindBy findBy) in C:\Users\visar.elmazi\Documents\Visual Studio 2010\Projects\QAAutomationSample\SeleniumHelper\PageObject.cs:line 75
   at Seavus.Framework.SeleniumPageAutomation.PageObject.&lt;&gt;c__DisplayClass3.&lt;.ctor&gt;b__1(String str) in C:\Users\visar.elmazi\Documents\Visual Studio 2010\Projects\QAAutomationSample\SeleniumHelper\PageObject.cs:line 59
   at Seavus.Framework.SeleniumPageAutomation.PageObject.Find(String name) in C:\Users\visar.elmazi\Documents\Visual Studio 2010\Projects\QAAutomationSample\SeleniumHelper\PageObject.cs:line 121
   at Seavus.Framework.SeleniumPageAutomation.PageObject.GetText(String name) in C:\Users\visar.elmazi\Documents\Visual Studio 2010\Projects\QAAutomationSample\SeleniumHelper\PageObject.cs:line 146
   at CalculatorWebTests.CalculatorPage.GetValue() in C:\Users\visar.elmazi\Documents\Visual Studio 2010\Projects\QAAutomationSample\CalculatorWebTests\CalculatorPage.cs:line 23
   at CalculatorWebTests.CalculatorSteps.ThenTheResultShouldBe(Double p0) in C:\Users\visar.elmazi\Documents\Visual Studio 2010\Projects\QAAutomationSample\CalculatorWebTests\CalculatorSteps.cs:line 66
   at lambda_method(Closure , IContextManager , Double )
   at TechTalk.SpecFlow.Bindings.BindingInvoker.InvokeBinding(IBinding binding, IContextManager contextManager, Object[] arguments, ITestTracer testTracer, TimeSpan&amp; duration)
   at TechTalk.SpecFlow.Infrastructure.TestExecutionEngine.ExecuteStepMatch(BindingMatch match, Object[] arguments)
   at TechTalk.SpecFlow.Infrastructure.TestExecutionEngine.ExecuteStep(StepInstance stepInstance)
   at TechTalk.SpecFlow.Infrastructure.TestExecutionEngine.OnAfterLastStep()
   at TechTalk.SpecFlow.TestRunner.CollectScenarioErrors()
   at CalculatorWebTests.CalculatorFeature.ScenarioCleanup() in C:\Users\visar.elmazi\Documents\Visual Studio 2010\Projects\QAAutomationSample\CalculatorWebTests\Calculator.feature.cs:line 0
   at CalculatorWebTests.CalculatorFeature.MultiplyTwoNumbers() in c:\Users\visar.elmazi\Documents\Visual Studio 2010\Projects\QAAutomationSample\CalculatorWebTests\Calculator.feature:line 26
</StackTrace>
        </ErrorInfo>
      </Output>
    </UnitTestResult>
    <UnitTestResult executionId="c34befa0-f3f9-4cfa-97a1-095c53ef7590" testId="f71858f3-f563-da6e-2eab-ae1f309c3f5b" testName="AddTwoNumbers" computerName="SKL-VISAR-ELMAZ" duration="00:00:00.7746318" startTime="2013-07-18T14:40:27.3816469+02:00" endTime="2013-07-18T14:40:28.1597247+02:00" testType="13cdc9d9-ddb5-4fa4-a97d-d965ccfc6d4b" outcome="Failed" testListId="8c84fa94-04c1-424b-9868-57a2d4851a1d" relativeResultsDirectory="c34befa0-f3f9-4cfa-97a1-095c53ef7590">
      <Output>
        <StdOut>Given I open calculator
-&gt; done: CalculatorSteps.GivenIOpenCalculator() (0.0s)
When I enter 50.22
-&gt; done: CalculatorSteps.WhenIEnter(50.22) (0.3s)
And I press "+"
-&gt; done: CalculatorSteps.WhenIPress("+") (0.1s)
And I enter 70.33
-&gt; done: CalculatorSteps.WhenIEnter(70.33) (0.3s)
And I press "="
-&gt; done: CalculatorSteps.WhenIPress("=") (0.1s)
Then the result should be 120.55
-&gt; error: Error Message =&gt; 'Unable to find element with id 'calc_result1''
 caused by Request =&gt; {"headers":{"Accept":"application/json, image/png","Connection":"Close","Content-Length":"37","Content-Type":"application/json;charset=utf-8","Host":"localhost:4380"},"httpVersion":"1.1","method":"POST","post":"{\"using\":\"id\",\"value\":\"calc_result1\"}","url":"/element","urlParsed":{"anchor":"","query":"","file":"element","directory":"/","path":"/element","relative":"/element","port":"","host":"","password":"","user":"","userInfo":"","authority":"","protocol":"","source":"/element","queryKey":{},"chunks":["element"]},"urlOriginal":"/session/36f88610-efa7-11e2-a4d2-77ef401c9882/element"}</StdOut>
        <ErrorInfo>
          <Message>Test method CalculatorWebTests.CalculatorFeature.AddTwoNumbers threw exception: 
OpenQA.Selenium.NoSuchElementException: Error Message =&gt; 'Unable to find element with id 'calc_result1''
 caused by Request =&gt; {"headers":{"Accept":"application/json, image/png","Connection":"Close","Content-Length":"37","Content-Type":"application/json;charset=utf-8","Host":"localhost:4380"},"httpVersion":"1.1","method":"POST","post":"{\"using\":\"id\",\"value\":\"calc_result1\"}","url":"/element","urlParsed":{"anchor":"","query":"","file":"element","directory":"/","path":"/element","relative":"/element","port":"","host":"","password":"","user":"","userInfo":"","authority":"","protocol":"","source":"/element","queryKey":{},"chunks":["element"]},"urlOriginal":"/session/36f88610-efa7-11e2-a4d2-77ef401c9882/element"}</Message>
          <StackTrace>    at OpenQA.Selenium.Remote.RemoteWebDriver.UnpackAndThrowOnError(Response errorResponse)
   at OpenQA.Selenium.Remote.RemoteWebDriver.Execute(String driverCommandToExecute, Dictionary`2 parameters)
   at OpenQA.Selenium.Remote.RemoteWebDriver.FindElement(String mechanism, String value)
   at OpenQA.Selenium.Remote.RemoteWebDriver.FindElementById(String id)
   at OpenQA.Selenium.By.&lt;&gt;c__DisplayClass2.&lt;Id&gt;b__0(ISearchContext context)
   at OpenQA.Selenium.By.FindElement(ISearchContext context)
   at OpenQA.Selenium.Remote.RemoteWebDriver.FindElement(By by)
   at Seavus.Framework.SeleniumPageAutomation.PageObject.FindElementBy(String query, FindBy findBy) in C:\Users\visar.elmazi\Documents\Visual Studio 2010\Projects\QAAutomationSample\SeleniumHelper\PageObject.cs:line 75
   at Seavus.Framework.SeleniumPageAutomation.PageObject.&lt;&gt;c__DisplayClass3.&lt;.ctor&gt;b__1(String str) in C:\Users\visar.elmazi\Documents\Visual Studio 2010\Projects\QAAutomationSample\SeleniumHelper\PageObject.cs:line 59
   at Seavus.Framework.SeleniumPageAutomation.PageObject.Find(String name) in C:\Users\visar.elmazi\Documents\Visual Studio 2010\Projects\QAAutomationSample\SeleniumHelper\PageObject.cs:line 121
   at Seavus.Framework.SeleniumPageAutomation.PageObject.GetText(String name) in C:\Users\visar.elmazi\Documents\Visual Studio 2010\Projects\QAAutomationSample\SeleniumHelper\PageObject.cs:line 146
   at CalculatorWebTests.CalculatorPage.GetValue() in C:\Users\visar.elmazi\Documents\Visual Studio 2010\Projects\QAAutomationSample\CalculatorWebTests\CalculatorPage.cs:line 23
   at CalculatorWebTests.CalculatorSteps.ThenTheResultShouldBe(Double p0) in C:\Users\visar.elmazi\Documents\Visual Studio 2010\Projects\QAAutomationSample\CalculatorWebTests\CalculatorSteps.cs:line 66
   at lambda_method(Closure , IContextManager , Double )
   at TechTalk.SpecFlow.Bindings.BindingInvoker.InvokeBinding(IBinding binding, IContextManager contextManager, Object[] arguments, ITestTracer testTracer, TimeSpan&amp; duration)
   at TechTalk.SpecFlow.Infrastructure.TestExecutionEngine.ExecuteStepMatch(BindingMatch match, Object[] arguments)
   at TechTalk.SpecFlow.Infrastructure.TestExecutionEngine.ExecuteStep(StepInstance stepInstance)
   at TechTalk.SpecFlow.Infrastructure.TestExecutionEngine.OnAfterLastStep()
   at TechTalk.SpecFlow.TestRunner.CollectScenarioErrors()
   at CalculatorWebTests.CalculatorFeature.ScenarioCleanup() in C:\Users\visar.elmazi\Documents\Visual Studio 2010\Projects\QAAutomationSample\CalculatorWebTests\Calculator.feature.cs:line 0
   at CalculatorWebTests.CalculatorFeature.AddTwoNumbers() in c:\Users\visar.elmazi\Documents\Visual Studio 2010\Projects\QAAutomationSample\CalculatorWebTests\Calculator.feature:line 10
</StackTrace>
        </ErrorInfo>
      </Output>
    </UnitTestResult>
  </Results>
</TestRun>